
================================================================================
================ Bß║«T ─Éß║ªU KIß╗éM THß╗¼ API Mß╗ÉI QUAN Hß╗å ASSIGNS_TASK =================
================================================================================
Thß╗¥i gian bß║»t ─æß║ºu: 16:28:09 12/06/2025
Kiß╗âm tra kß║┐t nß╗æi tß╗¢i API server...
API server sß║╡n s├áng, status code: 200

================================================================================
================================= Tß║áO USER Mß╗ÜI =================================
================================================================================
─É├ú tß║ío User: test_user_8812e45d (UID: 2819d5612aa743fe9ccf95ffdf05c13d)

================================================================================
=============================== Tß║áO PROJECT Mß╗ÜI ================================
================================================================================
─É├ú tß║ío Project: Test Project 284535cb (UID: 80fc91034d314131b30ec71f159b69c6)

================================================================================
================================= Tß║áO TASK Mß╗ÜI =================================
================================================================================
Lß╗ùi khi tß║ío Task: 500 Server Error: Internal Server Error for url: http://localhost:8000/api/v1/tasks/
Response: Internal Server Error

================================================================================
================================= X├ôA PROJECT ==================================
================================================================================
─É├ú x├│a Project (UID: 80fc91034d314131b30ec71f159b69c6)

================================================================================
=================================== X├ôA USER ===================================
================================================================================
