============================= test session starts =============================
platform win32 -- Python 3.13.3, pytest-8.3.5, pluggy-1.5.0 -- C:\Users\devpc\AppData\Local\Programs\Python\Python313\python.exe
cachedir: .pytest_cache
rootdir: E:\tech\trm-os-branches
plugins: anyio-4.9.0, logfire-3.15.0, mock-3.14.0
collecting ... collected 2 items

tests/test_api_endpoints.py::test_recognition_crud 
=== KIß╗éM TRA RECOGNITION API ===


[DEBUG] Gß╗ìi API: GET http://localhost:8002/api/v1/users/
[DEBUG] Response status: 200
[DEBUG] Response headers: {'date': 'Sun, 15 Jun 2025 00:18:50 GMT', 'server': 'uvicorn', 'content-length': '456', 'content-type': 'application/json'}
[DEBUG] Response body: [{"username":"testuser_for_teams","email":"test_teams@example.com","fullName":null,"isActive":true,"uid":"e95a29d2a97b4d1b860bde848af1332d","created_at":"2025-06-11T23:26:16.772615Z","updated_at":"2025-06-11T23:26:16.772615Z"},{"username":"test_user_8812e45d","email":"test_cfd66946@example.com","fullName":null,"isActive":true,"uid":"2819d5612aa743fe9ccf95ffdf05c13d","created_at":"2025-06-12T09:28:13.903508Z","updated_at":"2025-06-12T09:28:13.903508Z"}]... (truncated)

[DEBUG] Gß╗ìi API: GET http://localhost:8002/api/v1/wins/
[DEBUG] Response status: 200
[DEBUG] Response headers: {'date': 'Sun, 15 Jun 2025 00:18:52 GMT', 'server': 'uvicorn', 'content-length': '2', 'content-type': 'application/json'}
[DEBUG] Response body: []... (truncated)
Kh├┤ng c├│ WIN n├áo trong hß╗ç thß╗æng ─æß╗â kiß╗âm thß╗¡ Recognition API!
PASSED
tests/test_api_endpoints.py::test_relationship_crud 
=== KIß╗éM TRA RELATIONSHIP API ===


[DEBUG] Gß╗ìi API: GET http://localhost:8002/api/v1/users/
[DEBUG] Response status: 200
[DEBUG] Response headers: {'date': 'Sun, 15 Jun 2025 00:18:54 GMT', 'server': 'uvicorn', 'content-length': '456', 'content-type': 'application/json'}
[DEBUG] Response body: [{"username":"testuser_for_teams","email":"test_teams@example.com","fullName":null,"isActive":true,"uid":"e95a29d2a97b4d1b860bde848af1332d","created_at":"2025-06-11T23:26:16.772615Z","updated_at":"2025-06-11T23:26:16.772615Z"},{"username":"test_user_8812e45d","email":"test_cfd66946@example.com","fullName":null,"isActive":true,"uid":"2819d5612aa743fe9ccf95ffdf05c13d","created_at":"2025-06-12T09:28:13.903508Z","updated_at":"2025-06-12T09:28:13.903508Z"}]... (truncated)

[DEBUG] Gß╗ìi API: GET http://localhost:8002/api/v1/tasks/
[DEBUG] Response status: 422
[DEBUG] Response headers: {'date': 'Sun, 15 Jun 2025 00:18:56 GMT', 'server': 'uvicorn', 'content-length': '147', 'content-type': 'application/json'}
[DEBUG] Response body: {"detail":[{"type":"missing","loc":["query","project_id"],"msg":"Field required","input":null,"url":"https://errors.pydantic.dev/2.11/v/missing"}]}... (truncated)
FAILED

================================== FAILURES ===================================
___________________________ test_relationship_crud ____________________________

    def test_relationship_crud():
        """Kiß╗âm tra c├íc chß╗⌐c n─âng CRUD cß╗ºa Relationship API"""
        print("\n=== KIß╗éM TRA RELATIONSHIP API ===\n")
    
        # Lß║Ñy dß╗» liß╗çu cß║ºn thiß║┐t ─æß╗â tß║ío c├íc mß╗æi quan hß╗ç
        # Lß║Ñy danh s├ích User
        users_response = api_request("GET", "/users/")
        assert_status_code(users_response)
        users = users_response.json()
    
        if not users:
            print("Kh├┤ng c├│ User n├áo trong hß╗ç thß╗æng ─æß╗â kiß╗âm thß╗¡ Relationship API!")
            return
    
        user = users[0]
    
        # Lß║Ñy danh s├ích Task
        tasks_response = api_request("GET", "/tasks/")
>       assert_status_code(tasks_response)

tests\test_api_endpoints.py:182: 
_ _ _ _ _ _ _ _ _ _ _ _ _ _ _ _ _ _ _ _ _ _ _ _ _ _ _ _ _ _ _ _ _ _ _ _ _ _ _ _

response = <Response [422]>, expected_code = 200

    def assert_status_code(response, expected_code=200):
        """Kiß╗âm tra status code cß╗ºa response"""
        actual_code = response.status_code
>       assert actual_code == expected_code, f"Mong ─æß╗úi status code {expected_code}, nh╞░ng nhß║¡n ─æ╞░ß╗úc {actual_code}"
E       AssertionError: Mong ─æß╗úi status code 200, nh╞░ng nhß║¡n ─æ╞░ß╗úc 422
E       assert 422 == 200

tests\test_api_endpoints.py:77: AssertionError
=========================== short test summary info ===========================
FAILED tests/test_api_endpoints.py::test_relationship_crud - AssertionError: ...
========================= 1 failed, 1 passed in 9.12s =========================
